// Jest Snapshot v1, https://goo.gl/fbAQLP

exports[`InitialScreen マウントされたときに正常にレンダリングされること 1`] = `
<View
  style={
    Object {
      "alignItems": "center",
      "flex": 1,
      "justifyContent": "center",
    }
  }
  testID="InitialScreen"
>
  <ActivityIndicator
    animating={true}
    color="#3a6be8"
    hidesWhenStopped={true}
    size="large"
  />
</View>
`;
