// Jest Snapshot v1, https://goo.gl/fbAQLP

exports[`PickerBackdrop with all props should be applied properly: PickerBackdrop with all props. 1`] = `
<Modal
  animationType="fade"
  hardwareAccelerated={false}
  onRequestClose={[MockFunction]}
  presentationStyle="fullScreen"
  statusBarTranslucent={false}
  style={
    Object {
      "backgroundColor": "yellow",
    }
  }
  testID="modal"
  transparent={false}
  visible={true}
>
  <View
    accessible={true}
    collapsable={false}
    focusable={true}
    onBlur={[Function]}
    onClick={[Function]}
    onFocus={[Function]}
    onResponderGrant={[Function]}
    onResponderMove={[Function]}
    onResponderRelease={[Function]}
    onResponderTerminate={[Function]}
    onResponderTerminationRequest={[Function]}
    onStartShouldSetResponder={[Function]}
    style={
      Array [
        Object {
          "bottom": 0,
          "display": "flex",
          "left": 0,
          "position": "absolute",
          "right": 0,
          "top": 0,
        },
        Object {
          "display": "none",
        },
      ]
    }
    testID="pressable"
  >
    <View
      animatedStyle={
        Object {
          "value": Object {},
        }
      }
      collapsable={false}
      entering={
        ZoomIn {
          "build": [Function],
          "callbackV": [Function],
          "durationV": 500,
          "randomizeDelay": false,
        }
      }
      exiting={
        ZoomOut {
          "build": [Function],
          "callbackV": [Function],
          "durationV": 300,
          "randomizeDelay": false,
        }
      }
      style={
        Object {
          "backgroundColor": "green",
          "borderColor": "red",
          "flex": 1,
        }
      }
      testID="animatedView"
    />
  </View>
</Modal>
`;
