// Jest Snapshot v1, https://goo.gl/fbAQLP

exports[`App マウントされたときに正常にレンダリングされること 1`] = `
<View
  style={
    Object {
      "bottom": 0,
      "left": 0,
      "position": "absolute",
      "right": 0,
      "top": 0,
    }
  }
>
  <View
    testID="FullWindowOverlay"
  />
  <View
    testID="FullWindowOverlay"
  />
</View>
`;
